Info: Starting: Create simulation model
Info: qsys-generate C:\Intel_trn\Baraev\Q_PD\Lab3\Lab3_1.qsys --simulation=VERILOG --allow-mixed-language-simulation --output-directory=C:\Intel_trn\Baraev\Q_PD\Lab3\Lab3_1\simulation --family="Cyclone IV E" --part=EP4CE6E22C8
Progress: Loading Lab3/Lab3_1.qsys
Progress: Reading input file
Progress: Adding clk_0 [clock_source 16.1]
Progress: Parameterizing module clk_0
Progress: Adding my_master_0 [my_master 1.0]
Progress: Parameterizing module my_master_0
Progress: Adding my_slaveWS_0 [my_slaveWS 1.0]
Progress: Parameterizing module my_slaveWS_0
Progress: Adding my_slave_0 [my_slave 1.0]
Progress: Parameterizing module my_slave_0
Progress: Building connections
Progress: Parameterizing connections
Progress: Validating
Progress: Done reading input file
Info: Lab3_1: Generating Lab3_1 "Lab3_1" for SIM_VERILOG
Info: my_master_0: "Lab3_1" instantiated my_master "my_master_0"
Info: my_slaveWS_0: "Lab3_1" instantiated my_slaveWS "my_slaveWS_0"
Info: my_slave_0: "Lab3_1" instantiated my_slave "my_slave_0"
Info: avalon_st_adapter: Inserting error_adapter: error_adapter_0
Info: avalon_st_adapter_001: Inserting error_adapter: error_adapter_0
Info: mm_interconnect_0: "Lab3_1" instantiated altera_mm_interconnect "mm_interconnect_0"
Info: my_master_0_m0_translator: "mm_interconnect_0" instantiated altera_merlin_master_translator "my_master_0_m0_translator"
Info: my_slave_0_s0_translator: "mm_interconnect_0" instantiated altera_merlin_slave_translator "my_slave_0_s0_translator"
Info: my_master_0_m0_agent: "mm_interconnect_0" instantiated altera_merlin_master_agent "my_master_0_m0_agent"
Info: my_slave_0_s0_agent: "mm_interconnect_0" instantiated altera_merlin_slave_agent "my_slave_0_s0_agent"
Info: my_slave_0_s0_agent_rsp_fifo: "mm_interconnect_0" instantiated altera_avalon_sc_fifo "my_slave_0_s0_agent_rsp_fifo"
Info: router: "mm_interconnect_0" instantiated altera_merlin_router "router"
Info: router_001: "mm_interconnect_0" instantiated altera_merlin_router "router_001"
Info: router_002: "mm_interconnect_0" instantiated altera_merlin_router "router_002"
Info: my_slave_0_s0_burst_adapter: "mm_interconnect_0" instantiated altera_merlin_burst_adapter "my_slave_0_s0_burst_adapter"
Info: cmd_demux: "mm_interconnect_0" instantiated altera_merlin_demultiplexer "cmd_demux"
Info: cmd_mux: "mm_interconnect_0" instantiated altera_merlin_multiplexer "cmd_mux"
Info: rsp_demux: "mm_interconnect_0" instantiated altera_merlin_demultiplexer "rsp_demux"
Info: rsp_mux: "mm_interconnect_0" instantiated altera_merlin_multiplexer "rsp_mux"
Info: Reusing file C:/Intel_trn/Baraev/Q_PD/Lab3/Lab3_1/simulation/submodules/altera_merlin_arbitrator.sv
Info: my_slave_0_s0_rsp_width_adapter: "mm_interconnect_0" instantiated altera_merlin_width_adapter "my_slave_0_s0_rsp_width_adapter"
Info: Reusing file C:/Intel_trn/Baraev/Q_PD/Lab3/Lab3_1/simulation/submodules/altera_merlin_address_alignment.sv
Info: Reusing file C:/Intel_trn/Baraev/Q_PD/Lab3/Lab3_1/simulation/submodules/altera_merlin_burst_uncompressor.sv
Info: avalon_st_adapter: "mm_interconnect_0" instantiated altera_avalon_st_adapter "avalon_st_adapter"
Info: avalon_st_adapter_001: "mm_interconnect_0" instantiated altera_avalon_st_adapter "avalon_st_adapter_001"
Info: error_adapter_0: "avalon_st_adapter" instantiated error_adapter "error_adapter_0"
Info: error_adapter_0: "avalon_st_adapter_001" instantiated error_adapter "error_adapter_0"
Info: Lab3_1: Done "Lab3_1" with 23 modules, 34 files
Info: qsys-generate succeeded.
Info: Finished: Create simulation model
Info: Starting: Create Modelsim Project.
Info: sim-script-gen --spd=C:\Intel_trn\Baraev\Q_PD\Lab3\Lab3_1\Lab3_1.spd --output-directory=C:/Intel_trn/Baraev/Q_PD/Lab3/Lab3_1/simulation/ --use-relative-paths=true
Info: Doing: ip-make-simscript --spd=C:\Intel_trn\Baraev\Q_PD\Lab3\Lab3_1\Lab3_1.spd --output-directory=C:/Intel_trn/Baraev/Q_PD/Lab3/Lab3_1/simulation/ --use-relative-paths=true
Info: Generating the following file(s) for MODELSIM simulator in C:/Intel_trn/Baraev/Q_PD/Lab3/Lab3_1/simulation/ directory:
Info: 	mentor/msim_setup.tcl
Info: Generating the following file(s) for VCS simulator in C:/Intel_trn/Baraev/Q_PD/Lab3/Lab3_1/simulation/ directory:
Info: 	synopsys/vcs/vcs_setup.sh
Info: Generating the following file(s) for VCSMX simulator in C:/Intel_trn/Baraev/Q_PD/Lab3/Lab3_1/simulation/ directory:
Info: 	synopsys/vcsmx/synopsys_sim.setup
Info: 	synopsys/vcsmx/vcsmx_setup.sh
Info: Generating the following file(s) for NCSIM simulator in C:/Intel_trn/Baraev/Q_PD/Lab3/Lab3_1/simulation/ directory:
Info: 	cadence/cds.lib
Info: 	cadence/hdl.var
Info: 	cadence/ncsim_setup.sh
Info: 	21 .cds.lib files in cadence/cds_libs/ directory
Info: Generating the following file(s) for RIVIERA simulator in C:/Intel_trn/Baraev/Q_PD/Lab3/Lab3_1/simulation/ directory:
Info: 	aldec/rivierapro_setup.tcl
Info: For information on how to simulate your IP, see the explanatory comments in the simulator-specific subdirectories under C:/Intel_trn/Baraev/Q_PD/Lab3/Lab3_1/simulation/.
Info: Regenerate these scripts whenever you make any change to any Quartus-generated IP in your project.
Info: Finished: Create Modelsim Project.
Info: 
Info: Starting: Create HDL design files for synthesis
Info: qsys-generate C:\Intel_trn\Baraev\Q_PD\Lab3\Lab3_1.qsys --synthesis=VERILOG --output-directory=C:\Intel_trn\Baraev\Q_PD\Lab3\Lab3_1\synthesis --family="Cyclone IV E" --part=EP4CE6E22C8
Progress: Loading Lab3/Lab3_1.qsys
Progress: Reading input file
Progress: Adding clk_0 [clock_source 16.1]
Progress: Parameterizing module clk_0
Progress: Adding my_master_0 [my_master 1.0]
Progress: Parameterizing module my_master_0
Progress: Adding my_slaveWS_0 [my_slaveWS 1.0]
Progress: Parameterizing module my_slaveWS_0
Progress: Adding my_slave_0 [my_slave 1.0]
Progress: Parameterizing module my_slave_0
Progress: Building connections
Progress: Parameterizing connections
Progress: Validating
Progress: Done reading input file
Info: Lab3_1: Generating Lab3_1 "Lab3_1" for QUARTUS_SYNTH
Info: my_master_0: "Lab3_1" instantiated my_master "my_master_0"
Info: my_slaveWS_0: "Lab3_1" instantiated my_slaveWS "my_slaveWS_0"
Info: my_slave_0: "Lab3_1" instantiated my_slave "my_slave_0"
Info: avalon_st_adapter: Inserting error_adapter: error_adapter_0
Info: avalon_st_adapter_001: Inserting error_adapter: error_adapter_0
Info: mm_interconnect_0: "Lab3_1" instantiated altera_mm_interconnect "mm_interconnect_0"
Info: my_master_0_m0_translator: "mm_interconnect_0" instantiated altera_merlin_master_translator "my_master_0_m0_translator"
Info: my_slave_0_s0_translator: "mm_interconnect_0" instantiated altera_merlin_slave_translator "my_slave_0_s0_translator"
Info: my_master_0_m0_agent: "mm_interconnect_0" instantiated altera_merlin_master_agent "my_master_0_m0_agent"
Info: my_slave_0_s0_agent: "mm_interconnect_0" instantiated altera_merlin_slave_agent "my_slave_0_s0_agent"
Info: my_slave_0_s0_agent_rsp_fifo: "mm_interconnect_0" instantiated altera_avalon_sc_fifo "my_slave_0_s0_agent_rsp_fifo"
Info: router: "mm_interconnect_0" instantiated altera_merlin_router "router"
Info: router_001: "mm_interconnect_0" instantiated altera_merlin_router "router_001"
Info: router_002: "mm_interconnect_0" instantiated altera_merlin_router "router_002"
Info: my_slave_0_s0_burst_adapter: "mm_interconnect_0" instantiated altera_merlin_burst_adapter "my_slave_0_s0_burst_adapter"
Info: cmd_demux: "mm_interconnect_0" instantiated altera_merlin_demultiplexer "cmd_demux"
Info: cmd_mux: "mm_interconnect_0" instantiated altera_merlin_multiplexer "cmd_mux"
Info: rsp_demux: "mm_interconnect_0" instantiated altera_merlin_demultiplexer "rsp_demux"
Info: rsp_mux: "mm_interconnect_0" instantiated altera_merlin_multiplexer "rsp_mux"
Info: Reusing file C:/Intel_trn/Baraev/Q_PD/Lab3/Lab3_1/synthesis/submodules/altera_merlin_arbitrator.sv
Info: my_slave_0_s0_rsp_width_adapter: "mm_interconnect_0" instantiated altera_merlin_width_adapter "my_slave_0_s0_rsp_width_adapter"
Info: Reusing file C:/Intel_trn/Baraev/Q_PD/Lab3/Lab3_1/synthesis/submodules/altera_merlin_address_alignment.sv
Info: Reusing file C:/Intel_trn/Baraev/Q_PD/Lab3/Lab3_1/synthesis/submodules/altera_merlin_burst_uncompressor.sv
Info: avalon_st_adapter: "mm_interconnect_0" instantiated altera_avalon_st_adapter "avalon_st_adapter"
Info: avalon_st_adapter_001: "mm_interconnect_0" instantiated altera_avalon_st_adapter "avalon_st_adapter_001"
Info: error_adapter_0: "avalon_st_adapter" instantiated error_adapter "error_adapter_0"
Info: error_adapter_0: "avalon_st_adapter_001" instantiated error_adapter "error_adapter_0"
Info: Lab3_1: Done "Lab3_1" with 23 modules, 34 files
Info: qsys-generate succeeded.
Info: Finished: Create HDL design files for synthesis
